Microchip MPLAB XC8 Compiler V1.20 ()

Linker command line:

--edf=C:\Program Files (x86)\Microchip\xc8\v1.20\dat\en_msgs.txt -cs \
  -h+dist/default/production\src.production.sym \
  --cmf=dist/default/production\src.production.cmf -z -Q16F1503 \
  -oC:\Users\FELIPE~1\AppData\Local\Temp\s1bo.6 \
  -Mdist/default/production/src.production.map -E1 -ver=XC8 \
  -ACONST=00h-0FFhx8 -ACODE=00h-07FFh -ASTRCODE=00h-07FFh \
  -AENTRY=00h-0FFhx8 -ASTRING=00h-0FFhx8 -ACOMMON=070h-07Fh \
  -ABANK0=020h-06Fh -ABANK1=0A0h-0BFh -ABIGRAM=02000h-0206Fh \
  -ARAM=020h-06Fh,0A0h-0BFh -AABS1=020h-07Fh,0A0h-0BFh -ASFR0=00h-01Fh \
  -ASFR1=080h-09Fh -ASFR2=0100h-016Fh -ASFR3=0180h-01EFh -ASFR4=0200h-026Fh \
  -ASFR5=0280h-02EFh -ASFR6=0300h-036Fh -ASFR7=0380h-03EFh \
  -ASFR8=0400h-046Fh -ASFR9=0480h-04EFh -ASFR10=0500h-056Fh \
  -ASFR11=0580h-05EFh -ASFR12=0600h-066Fh -ASFR13=0680h-06EFh \
  -ASFR14=0700h-076Fh -ASFR15=0780h-07EFh -ASFR16=0800h-086Fh \
  -ASFR17=0880h-08EFh -ASFR18=0900h-096Fh -ASFR19=0980h-09EFh \
  -ASFR20=0A00h-0A6Fh -ASFR21=0A80h-0AEFh -ASFR22=0B00h-0B6Fh \
  -ASFR23=0B80h-0BEFh -ASFR24=0C00h-0C6Fh -ASFR25=0C80h-0CEFh \
  -ASFR26=0D00h-0D6Fh -ASFR27=0D80h-0DEFh -ASFR28=0E00h-0E6Fh \
  -ASFR29=0E80h-0EEFh -ASFR30=0F00h-0F6Fh -ASFR31=0F80h-0FEFh \
  -preset_vec=00h,intentry=04h,init,end_init -ppowerup=CODE -pfunctab=CODE \
  -ACONFIG=08007h-08008h -pconfig=CONFIG -DCONFIG=2 -AIDLOC=08000h-08003h \
  -pidloc=IDLOC -DIDLOC=2 -DCODE=2 -DSTRCODE=2 -DSTRING=2 -DCONST=2 \
  -DENTRY=2 -k C:\Users\FELIPE~1\AppData\Local\Temp\s1bo.obj \
  dist/default/production\src.production.obj 

Object code version is 3.11

Machine type is 16F1503



                Name                               Link     Load   Length Selector   Space Scale
C:\Users\FELIPE~1\AppData\Local\Temp\s1bo.obj
                end_init                             14       14        1        8       0
                reset_vec                             0        0        1        0       0
dist/default/production\src.production.obj
                intentry                              4        4       10        8       0
                text3                                28       28        6        8       0
                text2                                37       37        1       6A       0
                text1                                15       15       13        8       0
                maintext                             2E       2E        4        8       0
                cstackCOMMON                         70       70        5       70       1
                cinit                                35       35        2       6A       0
                strings                              32       32        3       64       0

TOTAL           Name                               Link     Load   Length     Space
        CLASS   CONST          

        CLASS   CODE           
                end_init                             14       14        1         0
                intentry                              4        4       10         0
                reset_vec                             0        0        1         0
                text3                                28       28        6         0
                text2                                37       37        1         0
                text1                                15       15       13         0
                maintext                             2E       2E        4         0
                cinit                                35       35        2         0

        CLASS   STRCODE        

        CLASS   ENTRY          

        CLASS   STRING         
                strings                              32       32        3         0

        CLASS   COMMON         
                cstackCOMMON                         70       70        5         1

        CLASS   BANK0          

        CLASS   BANK1          

        CLASS   BIGRAM         

        CLASS   RAM            

        CLASS   ABS1           
                abs_s1                               7E       7E        2         1

        CLASS   SFR0           

        CLASS   SFR1           

        CLASS   SFR2           

        CLASS   SFR3           

        CLASS   SFR4           

        CLASS   SFR5           

        CLASS   SFR6           

        CLASS   SFR7           

        CLASS   SFR8           

        CLASS   SFR9           

        CLASS   SFR10          

        CLASS   SFR11          

        CLASS   SFR12          

        CLASS   SFR13          

        CLASS   SFR14          

        CLASS   SFR15          

        CLASS   SFR16          

        CLASS   SFR17          

        CLASS   SFR18          

        CLASS   SFR19          

        CLASS   SFR20          

        CLASS   SFR21          

        CLASS   SFR22          

        CLASS   SFR23          

        CLASS   SFR24          

        CLASS   SFR25          

        CLASS   SFR26          

        CLASS   SFR27          

        CLASS   SFR28          

        CLASS   SFR29          

        CLASS   SFR30          

        CLASS   SFR31          

        CLASS   CONFIG         

        CLASS   IDLOC          

        CLASS   BANK31         

        CLASS   BANK30         

        CLASS   BANK29         

        CLASS   BANK28         

        CLASS   BANK27         

        CLASS   BANK26         

        CLASS   BANK25         

        CLASS   BANK24         

        CLASS   BANK23         

        CLASS   BANK22         

        CLASS   BANK21         

        CLASS   BANK20         

        CLASS   BANK19         

        CLASS   BANK18         

        CLASS   BANK17         

        CLASS   BANK16         

        CLASS   BANK15         

        CLASS   BANK14         

        CLASS   BANK13         

        CLASS   BANK12         

        CLASS   BANK11         

        CLASS   BANK10         

        CLASS   BANK9          

        CLASS   BANK8          

        CLASS   BANK7          

        CLASS   BANK6          

        CLASS   BANK5          

        CLASS   BANK4          

        CLASS   BANK3          

        CLASS   BANK2          

        CLASS   EEDATA         



SEGMENTS        Name                           Load    Length   Top    Selector   Space  Class     Delta

                reset_vec                      000000  000001  000001         0       0  CODE        2
                intentry                       000004  00002E  000032         8       0  CODE        2
                strings                        000032  000003  000035        64       0  STRING      2
                cinit                          000035  000003  000038        6A       0  CODE        2
                cstackCOMMON                   000070  000005  000075        70       1  COMMON      1


UNUSED ADDRESS RANGES

        Name                Unused          Largest block    Delta
        BANK0            020-06F            50           1
        BANK1            0A0-0BF            20           1
        BIGRAM           2000-206F            70           1
        CODE             001-003             3           2
                         038-7FF           7C8
        COMMON           075-07D             9           1
        CONFIG           8007-8008             2           2
        CONST            001-003             3           2
                         038-7FF           100
        ENTRY            001-003             3           2
                         038-7FF           100
        IDLOC            8000-8003             4           2
        RAM              020-06F            50           1
                         0A0-0BF            20
        SFR0             000-01F            20           1
        SFR1             080-09F            20           1
        SFR10            500-56F            70           1
        SFR11            580-5EF            70           1
        SFR12            600-66F            70           1
        SFR13            680-6EF            70           1
        SFR14            700-76F            70           1
        SFR15            780-7EF            70           1
        SFR16            800-86F            70           1
        SFR17            880-8EF            70           1
        SFR18            900-96F            70           1
        SFR19            980-9EF            70           1
        SFR2             100-16F            70           1
        SFR20            A00-A6F            70           1
        SFR21            A80-AEF            70           1
        SFR22            B00-B6F            70           1
        SFR23            B80-BEF            70           1
        SFR24            C00-C6F            70           1
        SFR25            C80-CEF            70           1
        SFR26            D00-D6F            70           1
        SFR27            D80-DEF            70           1
        SFR28            E00-E6F            70           1
        SFR29            E80-EEF            70           1
        SFR3             180-1EF            70           1
        SFR30            F00-F6F            70           1
        SFR31            F80-FEF            70           1
        SFR4             200-26F            70           1
        SFR5             280-2EF            70           1
        SFR6             300-36F            70           1
        SFR7             380-3EF            70           1
        SFR8             400-46F            70           1
        SFR9             480-4EF            70           1
        STRCODE          001-003             3           2
                         038-7FF           7C8
        STRING           001-003             3           2
                         038-7FF           100

                                  Symbol Table

?_printf                 cstackCOMMON 070
_INTCONbits              (abs)        00B
_IOCAFbits               (abs)        393
_OSCCON                  (abs)        099
_OSCSTATbits             (abs)        09A
__Habs1                  abs1         000
__Hbank0                 bank0        000
__Hbank1                 bank1        000
__Hbank10                bank10       000
__Hbank11                bank11       000
__Hbank12                bank12       000
__Hbank13                bank13       000
__Hbank14                bank14       000
__Hbank15                bank15       000
__Hbank16                bank16       000
__Hbank17                bank17       000
__Hbank18                bank18       000
__Hbank19                bank19       000
__Hbank2                 bank2        000
__Hbank20                bank20       000
__Hbank21                bank21       000
__Hbank22                bank22       000
__Hbank23                bank23       000
__Hbank24                bank24       000
__Hbank25                bank25       000
__Hbank26                bank26       000
__Hbank27                bank27       000
__Hbank28                bank28       000
__Hbank29                bank29       000
__Hbank3                 bank3        000
__Hbank30                bank30       000
__Hbank31                bank31       000
__Hbank4                 bank4        000
__Hbank5                 bank5        000
__Hbank6                 bank6        000
__Hbank7                 bank7        000
__Hbank8                 bank8        000
__Hbank9                 bank9        000
__Hbigram                bigram       000
__Hcinit                 cinit        000
__Hclrtext               clrtext      000
__Hcode                  code         000
__Hcommon                common       000
__Hconfig                config       000
__HcstackCOMMON          cstackCOMMON 000
__Heeprom_data           eeprom_data  000
__Hend_init              end_init     015
__Hfunctab               functab      000
__Hidloc                 idloc        000
__Hinit                  init         014
__Hintentry              intentry     014
__Hmaintext              maintext     000
__Hpowerup               powerup      000
__Hram                   ram          000
__Hreset_vec             reset_vec    001
__Hsfr0                  sfr0         000
__Hsfr1                  sfr1         000
__Hsfr10                 sfr10        000
__Hsfr11                 sfr11        000
__Hsfr12                 sfr12        000
__Hsfr13                 sfr13        000
__Hsfr14                 sfr14        000
__Hsfr15                 sfr15        000
__Hsfr16                 sfr16        000
__Hsfr17                 sfr17        000
__Hsfr18                 sfr18        000
__Hsfr19                 sfr19        000
__Hsfr2                  sfr2         000
__Hsfr20                 sfr20        000
__Hsfr21                 sfr21        000
__Hsfr22                 sfr22        000
__Hsfr23                 sfr23        000
__Hsfr24                 sfr24        000
__Hsfr25                 sfr25        000
__Hsfr26                 sfr26        000
__Hsfr27                 sfr27        000
__Hsfr28                 sfr28        000
__Hsfr29                 sfr29        000
__Hsfr3                  sfr3         000
__Hsfr30                 sfr30        000
__Hsfr31                 sfr31        000
__Hsfr4                  sfr4         000
__Hsfr5                  sfr5         000
__Hsfr6                  sfr6         000
__Hsfr7                  sfr7         000
__Hsfr8                  sfr8         000
__Hsfr9                  sfr9         000
__Hstrings               strings      000
__Htext                  text         000
__Labs1                  abs1         000
__Lbank0                 bank0        000
__Lbank1                 bank1        000
__Lbank10                bank10       000
__Lbank11                bank11       000
__Lbank12                bank12       000
__Lbank13                bank13       000
__Lbank14                bank14       000
__Lbank15                bank15       000
__Lbank16                bank16       000
__Lbank17                bank17       000
__Lbank18                bank18       000
__Lbank19                bank19       000
__Lbank2                 bank2        000
__Lbank20                bank20       000
__Lbank21                bank21       000
__Lbank22                bank22       000
__Lbank23                bank23       000
__Lbank24                bank24       000
__Lbank25                bank25       000
__Lbank26                bank26       000
__Lbank27                bank27       000
__Lbank28                bank28       000
__Lbank29                bank29       000
__Lbank3                 bank3        000
__Lbank30                bank30       000
__Lbank31                bank31       000
__Lbank4                 bank4        000
__Lbank5                 bank5        000
__Lbank6                 bank6        000
__Lbank7                 bank7        000
__Lbank8                 bank8        000
__Lbank9                 bank9        000
__Lbigram                bigram       000
__Lcinit                 cinit        000
__Lclrtext               clrtext      000
__Lcode                  code         000
__Lcommon                common       000
__Lconfig                config       000
__LcstackCOMMON          cstackCOMMON 000
__Leeprom_data           eeprom_data  000
__Lend_init              end_init     014
__Lfunctab               functab      000
__Lidloc                 idloc        000
__Linit                  init         014
__Lintentry              intentry     004
__Lmaintext              maintext     000
__Lpowerup               powerup      000
__Lram                   ram          000
__Lreset_vec             reset_vec    000
__Lsfr0                  sfr0         000
__Lsfr1                  sfr1         000
__Lsfr10                 sfr10        000
__Lsfr11                 sfr11        000
__Lsfr12                 sfr12        000
__Lsfr13                 sfr13        000
__Lsfr14                 sfr14        000
__Lsfr15                 sfr15        000
__Lsfr16                 sfr16        000
__Lsfr17                 sfr17        000
__Lsfr18                 sfr18        000
__Lsfr19                 sfr19        000
__Lsfr2                  sfr2         000
__Lsfr20                 sfr20        000
__Lsfr21                 sfr21        000
__Lsfr22                 sfr22        000
__Lsfr23                 sfr23        000
__Lsfr24                 sfr24        000
__Lsfr25                 sfr25        000
__Lsfr26                 sfr26        000
__Lsfr27                 sfr27        000
__Lsfr28                 sfr28        000
__Lsfr29                 sfr29        000
__Lsfr3                  sfr3         000
__Lsfr30                 sfr30        000
__Lsfr31                 sfr31        000
__Lsfr4                  sfr4         000
__Lsfr5                  sfr5         000
__Lsfr6                  sfr6         000
__Lsfr7                  sfr7         000
__Lsfr8                  sfr8         000
__Lsfr9                  sfr9         000
__Lstrings               strings      000
__Ltext                  text         000
__S0                     (abs)        038
__S1                     (abs)        075
___latbits               (abs)        000
__end_of__initialization cinit        035
__end_of__stringdata     strings      035
__end_of__stringtab      strings      033
__end_of_isr             intentry     014
__end_of_main            maintext     032
__end_of_printf          text1        028
__end_of_putch           text2        038
__end_of_sys_init        text3        02E
__initialization         cinit        035
__pcstackCOMMON          cstackCOMMON 070
__pintentry              intentry     004
__pmaintext              maintext     02E
__pstrings               strings      032
__ptext1                 text1        015
__ptext2                 text2        037
__ptext3                 text3        028
__size_of_isr            (abs)        000
__size_of_main           (abs)        000
__size_of_printf         (abs)        000
__size_of_putch          (abs)        000
__size_of_sys_init       (abs)        000
__stringdata             strings      033
__stringtab              strings      032
_isr                     intentry     004
_main                    maintext     02E
_printf                  text1        015
_putch                   text2        037
_sys_init                text3        028
btemp                    (abs)        07E
end_of_initialization    cinit        035
intlevel0                functab      000
intlevel1                functab      000
intlevel2                functab      000
intlevel3                functab      000
intlevel4                functab      000
intlevel5                functab      000
printf@ap                cstackCOMMON 072
printf@c                 cstackCOMMON 074
printf@f                 cstackCOMMON 073
reset_vec                reset_vec    000
start                    init         014
start_initialization     cinit        035
wtemp0                   (abs)        07E


FUNCTION INFORMATION:

 *************** function _main *****************
 Defined at:
		line 27 in file "main.c"
 Parameters:    Size  Location     Type
		None
 Auto vars:     Size  Location     Type
		None
 Return value:  Size  Location     Type
                  2   27[COMMON] int 
 Registers used:
		wreg, fsr0l, fsr0h, fsr1l, fsr1h, fsr1l, fsr1h, status,2, status,0, btemp+1, pclath, cstack
 Tracked objects:
		On entry : 
		On exit  : 
		Unchanged: 
 Data sizes:     COMMON   BANK0   BANK1
      Params:         0       0       0
      Locals:         0       0       0
      Temps:          0       0       0
      Totals:         0       0       0
Total ram usage:        0 bytes
 Hardware stack levels required when called:    3
 This function calls:
		_sys_init
		_printf
 This function is called by:
		Startup code after reset
 This function uses a non-reentrant model


 *************** function _printf *****************
 Defined at:
		line 465 in file "C:\Program Files (x86)\Microchip\xc8\v1.20\sources\common\doprnt.c"
 Parameters:    Size  Location     Type
  f               1    wreg     PTR const unsigned char 
		 -> STR_1(2), 
 Auto vars:     Size  Location     Type
  f               1    3[COMMON] PTR const unsigned char 
		 -> STR_1(2), 
  _val            4    0        struct .
  c               1    4[COMMON] char 
  ap              1    2[COMMON] PTR void [1]
		 -> ?_printf(2), 
  flag            1    0        unsigned char 
  prec            1    0        char 
 Return value:  Size  Location     Type
                  2   10[COMMON] int 
 Registers used:
		wreg, fsr0l, fsr0h, fsr1l, fsr1h, fsr1l, fsr1h, status,2, status,0, btemp+1, pclath, cstack
 Tracked objects:
		On entry : 
		On exit  : 
		Unchanged: 
 Data sizes:     COMMON   BANK0   BANK1
      Params:         0       0       0
      Locals:         3       0       0
      Temps:          1       0       0
      Totals:         4       0       0
Total ram usage:        4 bytes
 Hardware stack levels used:    1
 Hardware stack levels required when called:    2
 This function calls:
		_putch
 This function is called by:
		_main
 This function uses a non-reentrant model


 *************** function _putch *****************
 Defined at:
		line 8 in file "C:\Program Files (x86)\Microchip\xc8\v1.20\sources\common\putch.c"
 Parameters:    Size  Location     Type
  c               1    wreg     unsigned char 
 Auto vars:     Size  Location     Type
  c               1    0[COMMON] unsigned char 
 Return value:  Size  Location     Type
		None               void
 Registers used:
		wreg
 Tracked objects:
		On entry : 
		On exit  : 
		Unchanged: 
 Data sizes:     COMMON   BANK0   BANK1
      Params:         0       0       0
      Locals:         0       0       0
      Temps:          0       0       0
      Totals:         0       0       0
Total ram usage:        0 bytes
 Hardware stack levels used:    1
 Hardware stack levels required when called:    1
 This function calls:
		Nothing
 This function is called by:
		_printf
 This function uses a non-reentrant model


 *************** function _sys_init *****************
 Defined at:
		line 4 in file "main.c"
 Parameters:    Size  Location     Type
		None
 Auto vars:     Size  Location     Type
		None
 Return value:  Size  Location     Type
		None               void
 Registers used:
		wreg
 Tracked objects:
		On entry : 
		On exit  : 
		Unchanged: 
 Data sizes:     COMMON   BANK0   BANK1
      Params:         0       0       0
      Locals:         0       0       0
      Temps:          0       0       0
      Totals:         0       0       0
Total ram usage:        0 bytes
 Hardware stack levels used:    1
 Hardware stack levels required when called:    1
 This function calls:
		Nothing
 This function is called by:
		_main
 This function uses a non-reentrant model


 *************** function _isr *****************
 Defined at:
		line 11 in file "main.c"
 Parameters:    Size  Location     Type
		None
 Auto vars:     Size  Location     Type
		None
 Return value:  Size  Location     Type
		None               void
 Registers used:
		wreg
 Tracked objects:
		On entry : 
		On exit  : 
		Unchanged: 
 Data sizes:     COMMON   BANK0   BANK1
      Params:         0       0       0
      Locals:         0       0       0
      Temps:          1       0       0
      Totals:         1       0       0
Total ram usage:        1 bytes
 Hardware stack levels used:    1
 This function calls:
		Nothing
 This function is called by:
		Interrupt level 1
 This function uses a non-reentrant model



MODULE INFORMATION

Module		Function		Class		Link	Load	Size
C:\Program Files (x86)\Microchip\xc8\v1.20\sources\common\doprnt.c
		_printf        		CODE           	0015	0000	19

C:\Program Files (x86)\Microchip\xc8\v1.20\sources\common\doprnt.c estimated size: 19

shared
		__stringtab    		STRING         	0032	0000	1
		__stringdata   		STRING         	0033	0000	2
		__initializatio		CODE           	0035	0000	0

shared estimated size: 3

C:\Program Files (x86)\Microchip\xc8\v1.20\sources\common\putch.c
		_putch         		CODE           	0037	0000	1

C:\Program Files (x86)\Microchip\xc8\v1.20\sources\common\putch.c estimated size: 1

main.c
		_sys_init      		CODE           	0028	0000	6
		_main          		CODE           	002E	0000	4
		_isr           		CODE           	0004	0000	16

main.c estimated size: 26

